// Jest Snapshot v1, https://goo.gl/fbAQLP

exports[`Flightscreen Flightscreen snapshot 1`] = `
<View
  style={
    Object {
      "alignContent": "center",
      "alignItems": "center",
      "backgroundColor": "#f7f9fc",
      "flex": 1,
      "justifyContent": "center",
    }
  }
>
  <Text>
     FlightScreen 
  </Text>
</View>
`;
