// Jest Snapshot v1, https://goo.gl/fbAQLP

exports[`clickButton  clickButton snapshot 1`] = `
<TouchableOpacity
  activeOpacity={0.2}
  style={
    Array [
      Object {
        "alignItems": "center",
        "alignSelf": "stretch",
        "backgroundColor": "#5d6fc4",
        "borderRadius": 5,
        "elevation": 5,
        "margin": 3,
        "marginHorizontal": 25,
        "padding": 20,
        "shadowColor": "#000",
        "shadowOffset": Object {
          "height": 8,
          "width": 0,
        },
        "shadowOpacity": 0.6,
        "shadowRadius": 10,
      },
      Object {
        "backgroundColor": undefined,
      },
    ]
  }
>
  <Text
    style={
      Object {
        "color": "#F7F9FC",
        "fontSize": 18,
      }
    }
  >
     
     
  </Text>
</TouchableOpacity>
`;
