// Jest Snapshot v1, https://goo.gl/fbAQLP

exports[` SignUp  SignUp snapshot 1`] = `
<View
  style={
    Object {
      "alignContent": "center",
      "alignItems": "center",
      "backgroundColor": "#f7f9fc",
      "flex": 1,
      "flexDirection": "column",
      "justifyContent": "center",
    }
  }
>
  <TextInput
    allowFontScaling={true}
    onChangeText={[Function]}
    placeholder="Username:"
    rejectResponderTermination={true}
    style={
      Object {
        "alignSelf": "stretch",
        "backgroundColor": "#F7F9FC",
        "borderColor": "#5d6fc4",
        "borderRadius": 5,
        "color": "#6f347c",
        "elevation": 10,
        "height": 65,
        "marginBottom": 6,
        "marginHorizontal": 25,
        "paddingHorizontal": 25,
        "shadowColor": "black",
      }
    }
    underlineColorAndroid="transparent"
    value=""
  />
  <TextInput
    allowFontScaling={true}
    onChangeText={[Function]}
    placeholder="Password:"
    rejectResponderTermination={true}
    secureTextEntry={true}
    style={
      Object {
        "alignSelf": "stretch",
        "backgroundColor": "#F7F9FC",
        "borderColor": "#5d6fc4",
        "borderRadius": 5,
        "color": "#6f347c",
        "elevation": 10,
        "height": 65,
        "marginBottom": 6,
        "marginHorizontal": 25,
        "paddingHorizontal": 25,
        "shadowColor": "black",
      }
    }
    underlineColorAndroid="transparent"
    value=""
  />
  <TouchableOpacity
    activeOpacity={0.2}
  >
    <Icon
      allowFontScaling={false}
      color="#F7F9FC"
      name="eye"
      size={15}
    />
  </TouchableOpacity>
  <ClickButton
    backgroundColor="#6f347c"
    onPress={[Function]}
    text="SignUp"
  />
</View>
`;
